// Jest Snapshot v1, https://goo.gl/fbAQLP

exports[`DualApp Tests should render singleScreen 1`] = `
<View
  collapsable={true}
  pointerEvents="box-none"
  style={
    Object {
      "flex": 1,
    }
  }
>
  <View>
    <View
      style={
        Array [
          Object {
            "bottom": 0,
            "color": "black",
            "flex": 1,
            "left": 0,
            "position": "absolute",
            "right": 0,
            "top": 0,
          },
          Object {
            "height": 720,
            "left": 0,
            "width": 540,
          },
        ]
      }
    >
      <View
        style={
          Object {
            "height": "10%",
          }
        }
      >
        <View
          style={
            Object {
              "flex": 1,
            }
          }
        >
          <View
            style={
              Array [
                Object {
                  "alignItems": "center",
                  "flex": 1,
                  "flexDirection": "row",
                  "justifyContent": "flex-start",
                },
                Array [
                  Object {
                    "backgroundColor": "#212121",
                    "paddingHorizontal": 25,
                  },
                  undefined,
                ],
              ]
            }
          >
            <Text
              style={
                Object {
                  "color": "#F2F2F2",
                  "fontSize": 20,
                  "fontWeight": "500",
                  "marginLeft": 6,
                }
              }
            >
              singleScreenDefaultTitle
            </Text>
          </View>
        </View>
      </View>
      <View
        style={
          Object {
            "height": "85%",
          }
        }
      />
    </View>
    <View
      style={
        Array [
          Object {
            "bottom": 0,
            "color": "black",
            "flex": 1,
            "left": 0,
            "position": "absolute",
            "right": 0,
            "top": 0,
          },
          Object {
            "height": 720,
            "left": 573.6,
            "width": 540,
          },
        ]
      }
    >
      <View
        style={
          Object {
            "height": "10%",
          }
        }
      >
        <View
          style={
            Object {
              "flex": 1,
            }
          }
        >
          <View
            style={
              Array [
                Object {
                  "alignItems": "center",
                  "flex": 1,
                  "flexDirection": "row",
                  "justifyContent": "flex-start",
                },
                Array [
                  Object {
                    "backgroundColor": "#212121",
                    "paddingHorizontal": 25,
                  },
                  undefined,
                ],
              ]
            }
          >
            <Text
              style={
                Object {
                  "color": "#F2F2F2",
                  "fontSize": 20,
                  "fontWeight": "500",
                  "marginLeft": 6,
                }
              }
            >
              onePaneDefaultTitle
            </Text>
          </View>
        </View>
      </View>
      <View
        style={
          Object {
            "height": "85%",
          }
        }
      />
    </View>
  </View>
</View>
`;
